0 verbose cli C:\Program Files\nodejs\node.exe C:\Program Files\nodejs\node_modules\npm\bin\npm-cli.js
1 info using npm@11.9.0
2 info using node@v24.14.0
3 silly config load:file:C:\Program Files\nodejs\node_modules\npm\npmrc
4 silly config load:file:C:\Users\aimee\Downloads\calculadora-e-temporizador-main\.npmrc
5 silly config load:file:C:\Users\aimee\.npmrc
6 silly config load:file:C:\Users\aimee\AppData\Roaming\npm\etc\npmrc
7 verbose title npm exec install expo
8 verbose argv "exec" "--" "install" "expo"
9 verbose logfile logs-max:10 dir:C:\Users\aimee\Downloads\calculadora-e-temporizador-main\c\users\aimee\AppData\Roaming\_logs\2026-04-01T00_53_01_881Z-
10 verbose logfile C:\Users\aimee\Downloads\calculadora-e-temporizador-main\c\users\aimee\AppData\Roaming\_logs\2026-04-01T00_53_01_881Z-debug-0.log
11 silly logfile done cleaning log files
12 silly packumentCache heap:4496293888 maxSize:1124073472 maxEntrySize:562036736
13 http fetch GET 200 https://registry.npmjs.org/install 706ms (cache miss)
14 verbose stack Error: could not determine executable to run
14 verbose stack     at getBinFromManifest (C:\Program Files\nodejs\node_modules\npm\node_modules\libnpmexec\lib\get-bin-from-manifest.js:17:23)
14 verbose stack     at exec (C:\Program Files\nodejs\node_modules\npm\node_modules\libnpmexec\lib\index.js:211:15)
14 verbose stack     at async Npm.exec (C:\Program Files\nodejs\node_modules\npm\lib\npm.js:208:9)
14 verbose stack     at async module.exports (C:\Program Files\nodejs\node_modules\npm\lib\cli\entry.js:67:5)
15 verbose pkgid install@0.13.0
16 error could not determine executable to run
17 verbose cwd C:\Users\aimee\Downloads\calculadora-e-temporizador-main
18 verbose os Windows_NT 10.0.26200
19 verbose node v24.14.0
20 verbose npm  v11.9.0
21 verbose exit 1
22 verbose code 1
23 error A complete log of this run can be found in: C:\Users\aimee\Downloads\calculadora-e-temporizador-main\c\users\aimee\AppData\Roaming\_logs\2026-04-01T00_53_01_881Z-debug-0.log
