0 verbose cli C:\Program Files\nodejs\node.exe C:\Program Files\nodejs\node_modules\npm\bin\npm-cli.js
1 info using npm@11.9.0
2 info using node@v24.14.0
3 silly config load:file:C:\Program Files\nodejs\node_modules\npm\npmrc
4 silly config load:file:C:\Users\aimee\Documents\atividade5\backendApi\.npmrc
5 silly config load:file:C:\Users\aimee\.npmrc
6 silly config load:file:C:\Users\aimee\AppData\Roaming\npm\etc\npmrc
7 verbose title npm init
8 verbose argv "init" "--yes"
9 verbose logfile logs-max:10 dir:C:\Users\aimee\Documents\atividade5\backendApi\c\users\aimee\AppData\Roaming\_logs\2026-05-13T01_20_44_909Z-
10 verbose logfile C:\Users\aimee\Documents\atividade5\backendApi\c\users\aimee\AppData\Roaming\_logs\2026-05-13T01_20_44_909Z-debug-0.log
11 silly logfile done cleaning log files
12 silly package data {
12 silly package data   name: 'backendapi',
12 silly package data   version: '1.0.0',
12 silly package data   description: '',
12 silly package data   main: 'index.js',
12 silly package data   scripts: { test: 'echo "Error: no test specified" && exit 1' },
12 silly package data   keywords: [],
12 silly package data   author: '',
12 silly package data   license: 'ISC',
12 silly package data   type: 'commonjs',
12 silly package data   dependencies: { cors: '^2.8.6', express: '^5.2.1' },
12 silly package data   devDependencies: {},
12 silly package data   Symbol(newline): '\n',
12 silly package data   Symbol(indent): '  '
12 silly package data }
13 verbose cwd C:\Users\aimee\Documents\atividade5\backendApi
14 verbose os Windows_NT 10.0.26200
15 verbose node v24.14.0
16 verbose npm  v11.9.0
17 verbose exit 0
18 info ok
